#
# There is insufficient memory for the Java Runtime Environment to continue.
# Native memory allocation (malloc) failed to allocate 1048576 bytes. Error detail: AllocateHeap
# Possible reasons:
#   The system is out of physical RAM or swap space
#   This process is running with CompressedOops enabled, and the Java Heap may be blocking the growth of the native heap
# Possible solutions:
#   Reduce memory load on the system
#   Increase physical memory or swap space
#   Check if swap backing store is full
#   Decrease Java heap size (-Xmx/-Xms)
#   Decrease number of Java threads
#   Decrease Java thread stack sizes (-Xss)
#   Set larger code cache with -XX:ReservedCodeCacheSize=
#   JVM is running with Unscaled Compressed Oops mode in which the Java heap is
#     placed in the first 4GB address space. The Java Heap base address is the
#     maximum limit for the native heap growth. Please use -XX:HeapBaseMinAddress
#     to set the Java Heap base and to place the Java Heap above 4GB virtual address.
# This output file may be truncated or incomplete.
#
#  Out of Memory Error (allocation.cpp:44), pid=16188, tid=3120
#
# JRE version: OpenJDK Runtime Environment Temurin-21.0.10+7 (21.0.10+7) (build 21.0.10+7-LTS)
# Java VM: OpenJDK 64-Bit Server VM Temurin-21.0.10+7 (21.0.10+7-LTS, mixed mode, sharing, tiered, compressed oops, compressed class ptrs, parallel gc, windows-amd64)
# No core dump will be written. Minidumps are not enabled by default on client versions of Windows
#

---------------  S U M M A R Y ------------

Command Line: --add-modules=ALL-SYSTEM --add-opens=java.base/java.util=ALL-UNNAMED --add-opens=java.base/java.lang=ALL-UNNAMED --add-opens=java.base/sun.nio.fs=ALL-UNNAMED -Declipse.application=org.eclipse.jdt.ls.core.id1 -Dosgi.bundles.defaultStartLevel=4 -Declipse.product=org.eclipse.jdt.ls.core.product -Djava.import.generatesMetadataFilesAtProjectRoot=false -DDetectVMInstallationsJob.disabled=true -Dfile.encoding=utf8 -XX:+UseParallelGC -XX:GCTimeRatio=4 -XX:AdaptiveSizePolicyWeight=90 -Dsun.zip.disableMemoryMapping=true -Xmx2G -Xms100m -Xlog:disable -javaagent:c:\Users\maria\.vscode\extensions\redhat.java-1.54.0-win32-x64\lombok\lombok-1.18.39-4050.jar -XX:+HeapDumpOnOutOfMemoryError -XX:HeapDumpPath=c:\Users\maria\AppData\Roaming\Code\User\workspaceStorage\71eec710bad6a587b17f225b0fb7bc1b\redhat.java -Daether.dependencyCollector.impl=bf c:\Users\maria\.vscode\extensions\redhat.java-1.54.0-win32-x64\server\plugins\org.eclipse.equinox.launcher_1.7.100.v20251111-0406.jar -configuration c:\Users\maria\AppData\Roaming\Code\User\globalStorage\redhat.java\1.54.0\config_win -data c:\Users\maria\AppData\Roaming\Code\User\workspaceStorage\71eec710bad6a587b17f225b0fb7bc1b\redhat.java\jdt_ws --pipe=\\.\pipe\lsp-42d4ba36f5220cd62a3e468f02cfd6d1-sock

Host: 11th Gen Intel(R) Core(TM) i5-11400H @ 2.70GHz, 12 cores, 7G,  Windows 11 , 64 bit Build 26100 (10.0.26100.8521)
Time: Wed Jun 17 18:15:37 2026 Hora est. Sudamérica Pacífico elapsed time: 5789.669855 seconds (0d 1h 36m 29s)

---------------  T H R E A D  ---------------

Current thread (0x000001e82b43f1f0):  JavaThread "Attach Listener" daemon [_thread_in_vm, id=3120, stack(0x00000057f3b00000,0x00000057f3c00000) (1024K)]

Stack: [0x00000057f3b00000,0x00000057f3c00000]
Native frames: (J=compiled Java code, j=interpreted, Vv=VM code, C=native code)
V  [jvm.dll+0x6d7a39]
V  [jvm.dll+0x8b4b26]
V  [jvm.dll+0x8b70de]
V  [jvm.dll+0x8b77c3]
V  [jvm.dll+0x284346]
V  [jvm.dll+0xc1277]
V  [jvm.dll+0x6d82e9]
V  [jvm.dll+0x1334a6]
V  [jvm.dll+0x3f857e]
V  [jvm.dll+0x85f59d]
V  [jvm.dll+0x6d626d]
C  [ucrtbase.dll+0x2cd30]
C  [KERNEL32.DLL+0x2e957]
C  [ntdll.dll+0x87c1c]


---------------  P R O C E S S  ---------------

Threads class SMR info:
_java_thread_list=0x000001e88b455ec0, length=38, elements={
0x000001e82b3930f0, 0x000001e82b439750, 0x000001e82b43a1b0, 0x000001e82b43bb90,
0x000001e82b43f1f0, 0x000001e884261fe0, 0x000001e82b445ee0, 0x000001e82b446e00,
0x000001e884283c80, 0x000001e8844c12e0, 0x000001e8844efc00, 0x000001e88570b390,
0x000001e885515030, 0x000001e8855299e0, 0x000001e88446eb10, 0x000001e88a434560,
0x000001e88a6e1890, 0x000001e88a354360, 0x000001e88434b620, 0x000001e88434bcb0,
0x000001e88434eaa0, 0x000001e88434dd80, 0x000001e88a6962c0, 0x000001e88a6955a0,
0x000001e88a697d00, 0x000001e88a698390, 0x000001e88a694f10, 0x000001e88a695c30,
0x000001e88a698a20, 0x000001e88a697670, 0x000001e88a6990b0, 0x000001e88a696fe0,
0x000001e88a699740, 0x000001e88a699dd0, 0x000001e88a696950, 0x000001e88a69bea0,
0x000001e88a69a460, 0x000001e88a37c610
}

Java Threads: ( => current thread )
  0x000001e82b3930f0 JavaThread "main"                              [_thread_blocked, id=17264, stack(0x00000057f3400000,0x00000057f3500000) (1024K)]
  0x000001e82b439750 JavaThread "Reference Handler"          daemon [_thread_blocked, id=7804, stack(0x00000057f3800000,0x00000057f3900000) (1024K)]
  0x000001e82b43a1b0 JavaThread "Finalizer"                  daemon [_thread_blocked, id=1956, stack(0x00000057f3900000,0x00000057f3a00000) (1024K)]
  0x000001e82b43bb90 JavaThread "Signal Dispatcher"          daemon [_thread_blocked, id=3056, stack(0x00000057f3a00000,0x00000057f3b00000) (1024K)]
=>0x000001e82b43f1f0 JavaThread "Attach Listener"            daemon [_thread_in_vm, id=3120, stack(0x00000057f3b00000,0x00000057f3c00000) (1024K)]
  0x000001e884261fe0 JavaThread "Service Thread"             daemon [_thread_blocked, id=9496, stack(0x00000057f3c00000,0x00000057f3d00000) (1024K)]
  0x000001e82b445ee0 JavaThread "Monitor Deflation Thread"   daemon [_thread_blocked, id=27152, stack(0x00000057f3d00000,0x00000057f3e00000) (1024K)]
  0x000001e82b446e00 JavaThread "C2 CompilerThread0"         daemon [_thread_blocked, id=28476, stack(0x00000057f3e00000,0x00000057f3f00000) (1024K)]
  0x000001e884283c80 JavaThread "C1 CompilerThread0"         daemon [_thread_blocked, id=17984, stack(0x00000057f3f00000,0x00000057f4000000) (1024K)]
  0x000001e8844c12e0 JavaThread "Common-Cleaner"             daemon [_thread_blocked, id=22916, stack(0x00000057f4000000,0x00000057f4100000) (1024K)]
  0x000001e8844efc00 JavaThread "Notification Thread"        daemon [_thread_blocked, id=18056, stack(0x00000057f4100000,0x00000057f4200000) (1024K)]
  0x000001e88570b390 JavaThread "Active Thread: Equinox Container: 31f82bdb-1e05-4c71-b954-101aea108109"        [_thread_blocked, id=17280, stack(0x00000057f4900000,0x00000057f4a00000) (1024K)]
  0x000001e885515030 JavaThread "Refresh Thread: Equinox Container: 31f82bdb-1e05-4c71-b954-101aea108109" daemon [_thread_blocked, id=6768, stack(0x00000057f4a00000,0x00000057f4b00000) (1024K)]
  0x000001e8855299e0 JavaThread "Framework Event Dispatcher: Equinox Container: 31f82bdb-1e05-4c71-b954-101aea108109" daemon [_thread_blocked, id=7388, stack(0x00000057f4b00000,0x00000057f4c00000) (1024K)]
  0x000001e88446eb10 JavaThread "Start Level: Equinox Container: 31f82bdb-1e05-4c71-b954-101aea108109" daemon [_thread_blocked, id=28652, stack(0x00000057f4c00000,0x00000057f4d00000) (1024K)]
  0x000001e88a434560 JavaThread "Bundle File Closer"         daemon [_thread_blocked, id=27024, stack(0x00000057f4f00000,0x00000057f5000000) (1024K)]
  0x000001e88a6e1890 JavaThread "SCR Component Actor"        daemon [_thread_blocked, id=4996, stack(0x00000057f5000000,0x00000057f5100000) (1024K)]
  0x000001e88a354360 JavaThread "Worker-JM"                         [_thread_blocked, id=12320, stack(0x00000057f5100000,0x00000057f5200000) (1024K)]
  0x000001e88434b620 JavaThread "JNA Cleaner"                daemon [_thread_blocked, id=28552, stack(0x00000057f5200000,0x00000057f5300000) (1024K)]
  0x000001e88434bcb0 JavaThread "Worker-0"                          [_thread_blocked, id=22216, stack(0x00000057f5300000,0x00000057f5400000) (1024K)]
  0x000001e88434eaa0 JavaThread "Java indexing"              daemon [_thread_blocked, id=14412, stack(0x00000057f5800000,0x00000057f5900000) (1024K)]
  0x000001e88434dd80 JavaThread "Thread-1"                   daemon [_thread_in_native, id=27464, stack(0x00000057f5d00000,0x00000057f5e00000) (1024K)]
  0x000001e88a6962c0 JavaThread "Thread-2"                   daemon [_thread_in_native, id=28024, stack(0x00000057f5e00000,0x00000057f5f00000) (1024K)]
  0x000001e88a6955a0 JavaThread "Thread-3"                   daemon [_thread_in_native, id=28528, stack(0x00000057f5f00000,0x00000057f6000000) (1024K)]
  0x000001e88a697d00 JavaThread "Thread-4"                   daemon [_thread_in_native, id=28380, stack(0x00000057f6000000,0x00000057f6100000) (1024K)]
  0x000001e88a698390 JavaThread "Thread-5"                   daemon [_thread_in_native, id=28656, stack(0x00000057f6100000,0x00000057f6200000) (1024K)]
  0x000001e88a694f10 JavaThread "Thread-6"                   daemon [_thread_in_native, id=21048, stack(0x00000057f6200000,0x00000057f6300000) (1024K)]
  0x000001e88a695c30 JavaThread "Thread-7"                   daemon [_thread_in_native, id=2528, stack(0x00000057f6300000,0x00000057f6400000) (1024K)]
  0x000001e88a698a20 JavaThread "Thread-8"                   daemon [_thread_in_native, id=26552, stack(0x00000057f6400000,0x00000057f6500000) (1024K)]
  0x000001e88a697670 JavaThread "Thread-9"                   daemon [_thread_in_native, id=15016, stack(0x00000057f6500000,0x00000057f6600000) (1024K)]
  0x000001e88a6990b0 JavaThread "Thread-10"                  daemon [_thread_in_native, id=19136, stack(0x00000057f6600000,0x00000057f6700000) (1024K)]
  0x000001e88a696fe0 JavaThread "Thread-11"                  daemon [_thread_in_native, id=23568, stack(0x00000057f6700000,0x00000057f6800000) (1024K)]
  0x000001e88a699740 JavaThread "Thread-12"                  daemon [_thread_in_native, id=10600, stack(0x00000057f6800000,0x00000057f6900000) (1024K)]
  0x000001e88a699dd0 JavaThread "Thread-13"                  daemon [_thread_in_native, id=28144, stack(0x00000057f6900000,0x00000057f6a00000) (1024K)]
  0x000001e88a696950 JavaThread "pool-2-thread-1"                   [_thread_blocked, id=2764, stack(0x00000057f6a00000,0x00000057f6b00000) (1024K)]
  0x000001e88a69bea0 JavaThread "WorkspaceEventsHandler"            [_thread_blocked, id=28500, stack(0x00000057f6b00000,0x00000057f6c00000) (1024K)]
  0x000001e88a69a460 JavaThread "pool-1-thread-1"                   [_thread_blocked, id=680, stack(0x00000057f6c00000,0x00000057f6d00000) (1024K)]
  0x000001e88a37c610 JavaThread "Worker-5"                          [_thread_blocked, id=24508, stack(0x00000057f8800000,0x00000057f8900000) (1024K)]
Total: 38

Other Threads:
  0x000001e82b4317e0 VMThread "VM Thread"                           [id=18536, stack(0x00000057f3700000,0x00000057f3800000) (1024K)]
  0x000001e841d1c7e0 WatcherThread "VM Periodic Task Thread"        [id=26388, stack(0x00000057f3600000,0x00000057f3700000) (1024K)]
  0x000001e82b3b1950 WorkerThread "GC Thread#0"                     [id=3992, stack(0x00000057f3500000,0x00000057f3600000) (1024K)]
  0x000001e8854b1f10 WorkerThread "GC Thread#1"                     [id=5420, stack(0x00000057f4200000,0x00000057f4300000) (1024K)]
  0x000001e88559b060 WorkerThread "GC Thread#2"                     [id=21496, stack(0x00000057f4300000,0x00000057f4400000) (1024K)]
  0x000001e88559b410 WorkerThread "GC Thread#3"                     [id=18196, stack(0x00000057f4400000,0x00000057f4500000) (1024K)]
  0x000001e88559b7c0 WorkerThread "GC Thread#4"                     [id=6180, stack(0x00000057f4500000,0x00000057f4600000) (1024K)]
  0x000001e88559bb70 WorkerThread "GC Thread#5"                     [id=11800, stack(0x00000057f4600000,0x00000057f4700000) (1024K)]
  0x000001e88559bf20 WorkerThread "GC Thread#6"                     [id=1948, stack(0x00000057f4700000,0x00000057f4800000) (1024K)]
  0x000001e8858702a0 WorkerThread "GC Thread#7"                     [id=27972, stack(0x00000057f4800000,0x00000057f4900000) (1024K)]
  0x000001e88a03fb50 WorkerThread "GC Thread#8"                     [id=27076, stack(0x00000057f4d00000,0x00000057f4e00000) (1024K)]
  0x000001e88a0e6380 WorkerThread "GC Thread#9"                     [id=21244, stack(0x00000057f4e00000,0x00000057f4f00000) (1024K)]
Total: 12

Threads with active compile tasks:
Total: 0

VM state: not at safepoint (normal execution)

VM Mutex/Monitor currently owned by a thread: None

Heap address: 0x0000000080000000, size: 2048 MB, Compressed Oops mode: 32-bit

CDS archive(s) mapped at: [0x000001e842000000-0x000001e842ba0000-0x000001e842ba0000), size 12189696, SharedBaseAddress: 0x000001e842000000, ArchiveRelocationMode: 1.
Compressed class space mapped at: 0x000001e843000000-0x000001e883000000, reserved size: 1073741824
Narrow klass base: 0x000001e842000000, Narrow klass shift: 0, Narrow klass range: 0x100000000

GC Precious Log:
 CardTable entry size: 512
 CPUs: 12 total, 12 available
 Memory: 7830M
 Large Page Support: Disabled
 NUMA Support: Disabled
 Compressed Oops: Enabled (32-bit)
 Alignments: Space 512K, Generation 512K, Heap 2M
 Heap Min Capacity: 100M
 Heap Initial Capacity: 100M
 Heap Max Capacity: 2G
 Pre-touch: Disabled
 Parallel Workers: 10

Heap:
 PSYoungGen      total 18432K, used 9965K [0x00000000d5580000, 0x00000000d6a80000, 0x0000000100000000)
  eden space 16896K, 52% used [0x00000000d5580000,0x00000000d5e2e0a0,0x00000000d6600000)
  from space 1536K, 70% used [0x00000000d6700000,0x00000000d680d430,0x00000000d6880000)
  to   space 1536K, 0% used [0x00000000d6900000,0x00000000d6900000,0x00000000d6a80000)
 ParOldGen       total 90112K, used 76453K [0x0000000080000000, 0x0000000085800000, 0x00000000d5580000)
  object space 90112K, 84% used [0x0000000080000000,0x0000000084aa97b0,0x0000000085800000)
 Metaspace       used 66253K, committed 67904K, reserved 1114112K
  class space    used 7022K, committed 7744K, reserved 1048576K

Card table byte_map: [0x000001e82ad50000,0x000001e82b160000] _byte_map_base: 0x000001e82a950000

Marking Bits: (ParMarkBitMap*) 0x00007ff9479e3450
 Begin Bits: [0x000001e83d840000, 0x000001e83f840000)
 End Bits:   [0x000001e83f840000, 0x000001e841840000)

Polling page: 0x000001e829460000

Metaspace:

Usage:
  Non-class:     57.84 MB used.
      Class:      6.86 MB used.
       Both:     64.70 MB used.

Virtual space:
  Non-class space:       64.00 MB reserved,      58.75 MB ( 92%) committed,  1 nodes.
      Class space:        1.00 GB reserved,       7.56 MB ( <1%) committed,  1 nodes.
             Both:        1.06 GB reserved,      66.31 MB (  6%) committed. 

Chunk freelists:
   Non-Class:  4.52 MB
       Class:  8.42 MB
        Both:  12.94 MB

MaxMetaspaceSize: unlimited
CompressedClassSpaceSize: 1.00 GB
Initial GC threshold: 21.00 MB
Current GC threshold: 97.31 MB
CDS: on
 - commit_granule_bytes: 65536.
 - commit_granule_words: 8192.
 - virtual_space_node_default_size: 8388608.
 - enlarge_chunks_in_place: 1.
 - use_allocation_guard: 0.


Internal statistics:

num_allocs_failed_limit: 9.
num_arena_births: 1356.
num_arena_deaths: 18.
num_vsnodes_births: 2.
num_vsnodes_deaths: 0.
num_space_committed: 1061.
num_space_uncommitted: 0.
num_chunks_returned_to_freelist: 29.
num_chunks_taken_from_freelist: 4571.
num_chunk_merges: 13.
num_chunk_splits: 2746.
num_chunks_enlarged: 1490.
num_inconsistent_stats: 0.

CodeHeap 'non-profiled nmethods': size=120000Kb used=8271Kb max_used=8271Kb free=111728Kb
 bounds [0x000001e836060000, 0x000001e836880000, 0x000001e83d590000]
CodeHeap 'profiled nmethods': size=120000Kb used=27544Kb max_used=27544Kb free=92455Kb
 bounds [0x000001e82e590000, 0x000001e830080000, 0x000001e835ac0000]
CodeHeap 'non-nmethods': size=5760Kb used=1444Kb max_used=1485Kb free=4315Kb
 bounds [0x000001e835ac0000, 0x000001e835d30000, 0x000001e836060000]
CodeCache: size=245760Kb, used=37259Kb, max_used=37300Kb, free=208498Kb
 total_blobs=12622, nmethods=11876, adapters=651, full_count=0
Compilation: enabled, stopped_count=0, restarted_count=0

Compilation events (20 events):
Event: 3514.617 Thread 0x000001e884283c80 12653       1       org.eclipse.osgi.internal.location.BasicLocation::isReadOnly (5 bytes)
Event: 3514.629 Thread 0x000001e884283c80 nmethod 12653 0x000001e836873690 code [0x000001e836873820, 0x000001e8368738f0]
Event: 3869.406 Thread 0x000001e884283c80 12654       1       com.sun.jna.internal.Cleaner::access$200 (5 bytes)
Event: 3869.416 Thread 0x000001e884283c80 nmethod 12654 0x000001e836873990 code [0x000001e836873b20, 0x000001e836873bd0]
Event: 3871.237 Thread 0x000001e884283c80 12655       3       java.lang.ProcessHandleImpl::get (51 bytes)
Event: 3871.253 Thread 0x000001e884283c80 nmethod 12655 0x000001e830071190 code [0x000001e8300713a0, 0x000001e8300719a8]
Event: 3871.254 Thread 0x000001e884283c80 12656       3       java.lang.ProcessHandleImpl::isAlive (44 bytes)
Event: 3871.254 Thread 0x000001e884283c80 nmethod 12656 0x000001e830071c10 code [0x000001e830071dc0, 0x000001e830072020]
Event: 4403.526 Thread 0x000001e884283c80 12657  s!   3       org.eclipse.core.internal.jobs.WorkerPool::sleep (124 bytes)
Event: 4403.553 Thread 0x000001e884283c80 nmethod 12657 0x000001e830072110 code [0x000001e830072320, 0x000001e830072838]
Event: 4680.171 Thread 0x000001e884283c80 12658   !   3       java.lang.ref.ReferenceQueue::remove (61 bytes)
Event: 4680.202 Thread 0x000001e884283c80 nmethod 12658 0x000001e830072a10 code [0x000001e830072ca0, 0x000001e830073828]
Event: 4680.202 Thread 0x000001e884283c80 12659       3       java.lang.ref.ReferenceQueue::remove0 (64 bytes)
Event: 4680.206 Thread 0x000001e884283c80 nmethod 12659 0x000001e830073c10 code [0x000001e830073e20, 0x000001e8300742a0]
Event: 4823.302 Thread 0x000001e884283c80 12660       3       org.eclipse.core.internal.jobs.InternalJob::internalSetState (15 bytes)
Event: 4823.308 Thread 0x000001e884283c80 nmethod 12660 0x000001e830074410 code [0x000001e8300745a0, 0x000001e8300746c0]
Event: 5040.518 Thread 0x000001e884283c80 12661       3       java.lang.ref.ReferenceQueue::await (15 bytes)
Event: 5040.535 Thread 0x000001e884283c80 nmethod 12661 0x000001e830074790 code [0x000001e830074940, 0x000001e830074ae0]
Event: 5184.246 Thread 0x000001e884283c80 12662       3       java.util.concurrent.locks.AbstractQueuedSynchronizer$ConditionObject::await (202 bytes)
Event: 5184.318 Thread 0x000001e884283c80 nmethod 12662 0x000001e830074c10 code [0x000001e830074f00, 0x000001e830075d30]

GC Heap History (20 events):
Event: 62.486 GC heap before
{Heap before GC invocations=87 (full 3):
 PSYoungGen      total 19968K, used 384K [0x00000000d5580000, 0x00000000d6a80000, 0x0000000100000000)
  eden space 19456K, 0% used [0x00000000d5580000,0x00000000d5580000,0x00000000d6880000)
  from space 512K, 75% used [0x00000000d6a00000,0x00000000d6a60010,0x00000000d6a80000)
  to   space 1024K, 0% used [0x00000000d6880000,0x00000000d6880000,0x00000000d6980000)
 ParOldGen       total 90112K, used 89699K [0x0000000080000000, 0x0000000085800000, 0x00000000d5580000)
  object space 90112K, 99% used [0x0000000080000000,0x0000000085798f68,0x0000000085800000)
 Metaspace       used 58336K, committed 59776K, reserved 1114112K
  class space    used 6190K, committed 6848K, reserved 1048576K
}
Event: 63.099 GC heap after
{Heap after GC invocations=87 (full 3):
 PSYoungGen      total 19968K, used 0K [0x00000000d5580000, 0x00000000d6a80000, 0x0000000100000000)
  eden space 19456K, 0% used [0x00000000d5580000,0x00000000d5580000,0x00000000d6880000)
  from space 512K, 0% used [0x00000000d6a00000,0x00000000d6a00000,0x00000000d6a80000)
  to   space 1024K, 0% used [0x00000000d6880000,0x00000000d6880000,0x00000000d6980000)
 ParOldGen       total 90112K, used 67608K [0x0000000080000000, 0x0000000085800000, 0x00000000d5580000)
  object space 90112K, 75% used [0x0000000080000000,0x00000000842062a0,0x0000000085800000)
 Metaspace       used 58332K, committed 59776K, reserved 1114112K
  class space    used 6189K, committed 6848K, reserved 1048576K
}
Event: 63.981 GC heap before
{Heap before GC invocations=88 (full 3):
 PSYoungGen      total 19968K, used 19456K [0x00000000d5580000, 0x00000000d6a80000, 0x0000000100000000)
  eden space 19456K, 100% used [0x00000000d5580000,0x00000000d6880000,0x00000000d6880000)
  from space 512K, 0% used [0x00000000d6a00000,0x00000000d6a00000,0x00000000d6a80000)
  to   space 1024K, 0% used [0x00000000d6880000,0x00000000d6880000,0x00000000d6980000)
 ParOldGen       total 90112K, used 67608K [0x0000000080000000, 0x0000000085800000, 0x00000000d5580000)
  object space 90112K, 75% used [0x0000000080000000,0x00000000842062a0,0x0000000085800000)
 Metaspace       used 59302K, committed 60864K, reserved 1114112K
  class space    used 6290K, committed 6976K, reserved 1048576K
}
Event: 64.001 GC heap after
{Heap after GC invocations=88 (full 3):
 PSYoungGen      total 20480K, used 698K [0x00000000d5580000, 0x00000000d6a80000, 0x0000000100000000)
  eden space 19456K, 0% used [0x00000000d5580000,0x00000000d5580000,0x00000000d6880000)
  from space 1024K, 68% used [0x00000000d6880000,0x00000000d692e988,0x00000000d6980000)
  to   space 1024K, 0% used [0x00000000d6980000,0x00000000d6980000,0x00000000d6a80000)
 ParOldGen       total 90112K, used 67616K [0x0000000080000000, 0x0000000085800000, 0x00000000d5580000)
  object space 90112K, 75% used [0x0000000080000000,0x00000000842082a0,0x0000000085800000)
 Metaspace       used 59302K, committed 60864K, reserved 1114112K
  class space    used 6290K, committed 6976K, reserved 1048576K
}
Event: 64.464 GC heap before
{Heap before GC invocations=89 (full 3):
 PSYoungGen      total 20480K, used 20154K [0x00000000d5580000, 0x00000000d6a80000, 0x0000000100000000)
  eden space 19456K, 100% used [0x00000000d5580000,0x00000000d6880000,0x00000000d6880000)
  from space 1024K, 68% used [0x00000000d6880000,0x00000000d692e988,0x00000000d6980000)
  to   space 1024K, 0% used [0x00000000d6980000,0x00000000d6980000,0x00000000d6a80000)
 ParOldGen       total 90112K, used 67616K [0x0000000080000000, 0x0000000085800000, 0x00000000d5580000)
  object space 90112K, 75% used [0x0000000080000000,0x00000000842082a0,0x0000000085800000)
 Metaspace       used 60364K, committed 61888K, reserved 1114112K
  class space    used 6390K, committed 7104K, reserved 1048576K
}
Event: 64.467 GC heap after
{Heap after GC invocations=89 (full 3):
 PSYoungGen      total 17920K, used 1006K [0x00000000d5580000, 0x00000000d6f80000, 0x0000000100000000)
  eden space 16896K, 0% used [0x00000000d5580000,0x00000000d5580000,0x00000000d6600000)
  from space 1024K, 98% used [0x00000000d6980000,0x00000000d6a7bbd8,0x00000000d6a80000)
  to   space 3584K, 0% used [0x00000000d6600000,0x00000000d6600000,0x00000000d6980000)
 ParOldGen       total 90112K, used 69386K [0x0000000080000000, 0x0000000085800000, 0x00000000d5580000)
  object space 90112K, 77% used [0x0000000080000000,0x00000000843c2940,0x0000000085800000)
 Metaspace       used 60364K, committed 61888K, reserved 1114112K
  class space    used 6390K, committed 7104K, reserved 1048576K
}
Event: 64.736 GC heap before
{Heap before GC invocations=90 (full 3):
 PSYoungGen      total 17920K, used 17870K [0x00000000d5580000, 0x00000000d6f80000, 0x0000000100000000)
  eden space 16896K, 99% used [0x00000000d5580000,0x00000000d65f7e50,0x00000000d6600000)
  from space 1024K, 98% used [0x00000000d6980000,0x00000000d6a7bbd8,0x00000000d6a80000)
  to   space 3584K, 0% used [0x00000000d6600000,0x00000000d6600000,0x00000000d6980000)
 ParOldGen       total 90112K, used 69386K [0x0000000080000000, 0x0000000085800000, 0x00000000d5580000)
  object space 90112K, 77% used [0x0000000080000000,0x00000000843c2940,0x0000000085800000)
 Metaspace       used 60435K, committed 61952K, reserved 1114112K
  class space    used 6396K, committed 7104K, reserved 1048576K
}
Event: 64.763 GC heap after
{Heap after GC invocations=90 (full 3):
 PSYoungGen      total 17920K, used 559K [0x00000000d5580000, 0x00000000d6a00000, 0x0000000100000000)
  eden space 16896K, 0% used [0x00000000d5580000,0x00000000d5580000,0x00000000d6600000)
  from space 1024K, 54% used [0x00000000d6600000,0x00000000d668bff8,0x00000000d6700000)
  to   space 1536K, 0% used [0x00000000d6880000,0x00000000d6880000,0x00000000d6a00000)
 ParOldGen       total 90112K, used 70332K [0x0000000080000000, 0x0000000085800000, 0x00000000d5580000)
  object space 90112K, 78% used [0x0000000080000000,0x00000000844af220,0x0000000085800000)
 Metaspace       used 60435K, committed 61952K, reserved 1114112K
  class space    used 6396K, committed 7104K, reserved 1048576K
}
Event: 65.119 GC heap before
{Heap before GC invocations=91 (full 3):
 PSYoungGen      total 17920K, used 17455K [0x00000000d5580000, 0x00000000d6a00000, 0x0000000100000000)
  eden space 16896K, 100% used [0x00000000d5580000,0x00000000d6600000,0x00000000d6600000)
  from space 1024K, 54% used [0x00000000d6600000,0x00000000d668bff8,0x00000000d6700000)
  to   space 1536K, 0% used [0x00000000d6880000,0x00000000d6880000,0x00000000d6a00000)
 ParOldGen       total 90112K, used 70332K [0x0000000080000000, 0x0000000085800000, 0x00000000d5580000)
  object space 90112K, 78% used [0x0000000080000000,0x00000000844af220,0x0000000085800000)
 Metaspace       used 61718K, committed 63168K, reserved 1114112K
  class space    used 6508K, committed 7168K, reserved 1048576K
}
Event: 65.125 GC heap after
{Heap after GC invocations=91 (full 3):
 PSYoungGen      total 17920K, used 909K [0x00000000d5580000, 0x00000000d6980000, 0x0000000100000000)
  eden space 16896K, 0% used [0x00000000d5580000,0x00000000d5580000,0x00000000d6600000)
  from space 1024K, 88% used [0x00000000d6880000,0x00000000d6963438,0x00000000d6980000)
  to   space 1024K, 0% used [0x00000000d6600000,0x00000000d6600000,0x00000000d6700000)
 ParOldGen       total 90112K, used 70396K [0x0000000080000000, 0x0000000085800000, 0x00000000d5580000)
  object space 90112K, 78% used [0x0000000080000000,0x00000000844bf220,0x0000000085800000)
 Metaspace       used 61718K, committed 63168K, reserved 1114112K
  class space    used 6508K, committed 7168K, reserved 1048576K
}
Event: 66.369 GC heap before
{Heap before GC invocations=92 (full 3):
 PSYoungGen      total 17920K, used 17805K [0x00000000d5580000, 0x00000000d6980000, 0x0000000100000000)
  eden space 16896K, 100% used [0x00000000d5580000,0x00000000d6600000,0x00000000d6600000)
  from space 1024K, 88% used [0x00000000d6880000,0x00000000d6963438,0x00000000d6980000)
  to   space 1024K, 0% used [0x00000000d6600000,0x00000000d6600000,0x00000000d6700000)
 ParOldGen       total 90112K, used 70396K [0x0000000080000000, 0x0000000085800000, 0x00000000d5580000)
  object space 90112K, 78% used [0x0000000080000000,0x00000000844bf220,0x0000000085800000)
 Metaspace       used 62905K, committed 64448K, reserved 1114112K
  class space    used 6653K, committed 7296K, reserved 1048576K
}
Event: 66.373 GC heap after
{Heap after GC invocations=92 (full 3):
 PSYoungGen      total 17920K, used 1024K [0x00000000d5580000, 0x00000000d6a00000, 0x0000000100000000)
  eden space 16896K, 0% used [0x00000000d5580000,0x00000000d5580000,0x00000000d6600000)
  from space 1024K, 100% used [0x00000000d6600000,0x00000000d6700000,0x00000000d6700000)
  to   space 2048K, 0% used [0x00000000d6800000,0x00000000d6800000,0x00000000d6a00000)
 ParOldGen       total 90112K, used 71152K [0x0000000080000000, 0x0000000085800000, 0x00000000d5580000)
  object space 90112K, 78% used [0x0000000080000000,0x000000008457c0c8,0x0000000085800000)
 Metaspace       used 62905K, committed 64448K, reserved 1114112K
  class space    used 6653K, committed 7296K, reserved 1048576K
}
Event: 67.305 GC heap before
{Heap before GC invocations=93 (full 3):
 PSYoungGen      total 17920K, used 17920K [0x00000000d5580000, 0x00000000d6a00000, 0x0000000100000000)
  eden space 16896K, 100% used [0x00000000d5580000,0x00000000d6600000,0x00000000d6600000)
  from space 1024K, 100% used [0x00000000d6600000,0x00000000d6700000,0x00000000d6700000)
  to   space 2048K, 0% used [0x00000000d6800000,0x00000000d6800000,0x00000000d6a00000)
 ParOldGen       total 90112K, used 71152K [0x0000000080000000, 0x0000000085800000, 0x00000000d5580000)
  object space 90112K, 78% used [0x0000000080000000,0x000000008457c0c8,0x0000000085800000)
 Metaspace       used 63733K, committed 65280K, reserved 1114112K
  class space    used 6751K, committed 7424K, reserved 1048576K
}
Event: 67.310 GC heap after
{Heap after GC invocations=93 (full 3):
 PSYoungGen      total 18944K, used 1632K [0x00000000d5580000, 0x00000000d6a00000, 0x0000000100000000)
  eden space 16896K, 0% used [0x00000000d5580000,0x00000000d5580000,0x00000000d6600000)
  from space 2048K, 79% used [0x00000000d6800000,0x00000000d6998020,0x00000000d6a00000)
  to   space 2048K, 0% used [0x00000000d6600000,0x00000000d6600000,0x00000000d6800000)
 ParOldGen       total 90112K, used 72008K [0x0000000080000000, 0x0000000085800000, 0x00000000d5580000)
  object space 90112K, 79% used [0x0000000080000000,0x0000000084652108,0x0000000085800000)
 Metaspace       used 63733K, committed 65280K, reserved 1114112K
  class space    used 6751K, committed 7424K, reserved 1048576K
}
Event: 68.322 GC heap before
{Heap before GC invocations=94 (full 3):
 PSYoungGen      total 18944K, used 17684K [0x00000000d5580000, 0x00000000d6a00000, 0x0000000100000000)
  eden space 16896K, 95% used [0x00000000d5580000,0x00000000d652d230,0x00000000d6600000)
  from space 2048K, 79% used [0x00000000d6800000,0x00000000d6998020,0x00000000d6a00000)
  to   space 2048K, 0% used [0x00000000d6600000,0x00000000d6600000,0x00000000d6800000)
 ParOldGen       total 90112K, used 72008K [0x0000000080000000, 0x0000000085800000, 0x00000000d5580000)
  object space 90112K, 79% used [0x0000000080000000,0x0000000084652108,0x0000000085800000)
 Metaspace       used 64523K, committed 66112K, reserved 1114112K
  class space    used 6829K, committed 7488K, reserved 1048576K
}
Event: 68.326 GC heap after
{Heap after GC invocations=94 (full 3):
 PSYoungGen      total 18944K, used 2046K [0x00000000d5580000, 0x00000000d6e00000, 0x0000000100000000)
  eden space 16896K, 0% used [0x00000000d5580000,0x00000000d5580000,0x00000000d6600000)
  from space 2048K, 99% used [0x00000000d6600000,0x00000000d67ff9d0,0x00000000d6800000)
  to   space 4096K, 0% used [0x00000000d6a00000,0x00000000d6a00000,0x00000000d6e00000)
 ParOldGen       total 90112K, used 73527K [0x0000000080000000, 0x0000000085800000, 0x00000000d5580000)
  object space 90112K, 81% used [0x0000000080000000,0x00000000847cde48,0x0000000085800000)
 Metaspace       used 64523K, committed 66112K, reserved 1114112K
  class space    used 6829K, committed 7488K, reserved 1048576K
}
Event: 69.868 GC heap before
{Heap before GC invocations=95 (full 3):
 PSYoungGen      total 18944K, used 18942K [0x00000000d5580000, 0x00000000d6e00000, 0x0000000100000000)
  eden space 16896K, 100% used [0x00000000d5580000,0x00000000d6600000,0x00000000d6600000)
  from space 2048K, 99% used [0x00000000d6600000,0x00000000d67ff9d0,0x00000000d6800000)
  to   space 4096K, 0% used [0x00000000d6a00000,0x00000000d6a00000,0x00000000d6e00000)
 ParOldGen       total 90112K, used 73527K [0x0000000080000000, 0x0000000085800000, 0x00000000d5580000)
  object space 90112K, 81% used [0x0000000080000000,0x00000000847cde48,0x0000000085800000)
 Metaspace       used 64776K, committed 66368K, reserved 1114112K
  class space    used 6870K, committed 7552K, reserved 1048576K
}
Event: 69.871 GC heap after
{Heap after GC invocations=95 (full 3):
 PSYoungGen      total 18944K, used 1664K [0x00000000d5580000, 0x00000000d6c00000, 0x0000000100000000)
  eden space 16896K, 0% used [0x00000000d5580000,0x00000000d5580000,0x00000000d6600000)
  from space 2048K, 81% used [0x00000000d6a00000,0x00000000d6ba0000,0x00000000d6c00000)
  to   space 2560K, 0% used [0x00000000d6700000,0x00000000d6700000,0x00000000d6980000)
 ParOldGen       total 90112K, used 75215K [0x0000000080000000, 0x0000000085800000, 0x00000000d5580000)
  object space 90112K, 83% used [0x0000000080000000,0x0000000084973d40,0x0000000085800000)
 Metaspace       used 64776K, committed 66368K, reserved 1114112K
  class space    used 6870K, committed 7552K, reserved 1048576K
}
Event: 70.599 GC heap before
{Heap before GC invocations=96 (full 3):
 PSYoungGen      total 18944K, used 18559K [0x00000000d5580000, 0x00000000d6c00000, 0x0000000100000000)
  eden space 16896K, 99% used [0x00000000d5580000,0x00000000d65fffb8,0x00000000d6600000)
  from space 2048K, 81% used [0x00000000d6a00000,0x00000000d6ba0000,0x00000000d6c00000)
  to   space 2560K, 0% used [0x00000000d6700000,0x00000000d6700000,0x00000000d6980000)
 ParOldGen       total 90112K, used 75215K [0x0000000080000000, 0x0000000085800000, 0x00000000d5580000)
  object space 90112K, 83% used [0x0000000080000000,0x0000000084973d40,0x0000000085800000)
 Metaspace       used 65605K, committed 67136K, reserved 1114112K
  class space    used 6968K, committed 7616K, reserved 1048576K
}
Event: 70.602 GC heap after
{Heap after GC invocations=96 (full 3):
 PSYoungGen      total 18432K, used 1077K [0x00000000d5580000, 0x00000000d6a80000, 0x0000000100000000)
  eden space 16896K, 0% used [0x00000000d5580000,0x00000000d5580000,0x00000000d6600000)
  from space 1536K, 70% used [0x00000000d6700000,0x00000000d680d430,0x00000000d6880000)
  to   space 1536K, 0% used [0x00000000d6900000,0x00000000d6900000,0x00000000d6a80000)
 ParOldGen       total 90112K, used 76453K [0x0000000080000000, 0x0000000085800000, 0x00000000d5580000)
  object space 90112K, 84% used [0x0000000080000000,0x0000000084aa97b0,0x0000000085800000)
 Metaspace       used 65605K, committed 67136K, reserved 1114112K
  class space    used 6968K, committed 7616K, reserved 1048576K
}

Dll operation events (10 events):
Event: 0.016 Loaded shared library c:\Users\maria\.vscode\extensions\redhat.java-1.54.0-win32-x64\jre\21.0.10-win32-x86_64\bin\java.dll
Event: 0.119 Loaded shared library c:\Users\maria\.vscode\extensions\redhat.java-1.54.0-win32-x64\jre\21.0.10-win32-x86_64\bin\zip.dll
Event: 0.147 Loaded shared library C:\Users\maria\.vscode\extensions\redhat.java-1.54.0-win32-x64\jre\21.0.10-win32-x86_64\bin\instrument.dll
Event: 0.155 Loaded shared library C:\Users\maria\.vscode\extensions\redhat.java-1.54.0-win32-x64\jre\21.0.10-win32-x86_64\bin\net.dll
Event: 0.165 Loaded shared library C:\Users\maria\.vscode\extensions\redhat.java-1.54.0-win32-x64\jre\21.0.10-win32-x86_64\bin\nio.dll
Event: 0.172 Loaded shared library C:\Users\maria\.vscode\extensions\redhat.java-1.54.0-win32-x64\jre\21.0.10-win32-x86_64\bin\zip.dll
Event: 0.201 Loaded shared library C:\Users\maria\.vscode\extensions\redhat.java-1.54.0-win32-x64\jre\21.0.10-win32-x86_64\bin\jimage.dll
Event: 0.334 Loaded shared library c:\Users\maria\.vscode\extensions\redhat.java-1.54.0-win32-x64\jre\21.0.10-win32-x86_64\bin\verify.dll
Event: 9.736 Loaded shared library C:\Users\maria\AppData\Roaming\Code\User\globalStorage\redhat.java\1.54.0\config_win\org.eclipse.equinox.launcher\org.eclipse.equinox.launcher.win32.win32.x86_64_1.3.0.v20260203-2149\eclipse_11919.dll
Event: 22.676 Loaded shared library C:\Users\maria\AppData\Local\Temp\jna-103666422\jna6272449866064265108.dll

Deoptimization events (20 events):
Event: 331.310 Thread 0x000001e88a37c610 Uncommon trap: trap_request=0xffffffde fr.pc=0x000001e836863af8 relative=0x0000000000000b98
Event: 331.310 Thread 0x000001e88a37c610 Uncommon trap: reason=class_check action=maybe_recompile pc=0x000001e836863af8 method=java.io.DataOutputStream.write([BII)V @ 7 c2
Event: 331.310 Thread 0x000001e88a37c610 DEOPT PACKING pc=0x000001e836863af8 sp=0x00000057f88ff0d0
Event: 331.310 Thread 0x000001e88a37c610 DEOPT UNPACKING pc=0x000001e835b16da2 sp=0x00000057f88ff000 mode 2
Event: 331.310 Thread 0x000001e88a37c610 Uncommon trap: trap_request=0xffffffde fr.pc=0x000001e836863af8 relative=0x0000000000000b98
Event: 331.310 Thread 0x000001e88a37c610 Uncommon trap: reason=class_check action=maybe_recompile pc=0x000001e836863af8 method=java.io.DataOutputStream.write([BII)V @ 7 c2
Event: 331.310 Thread 0x000001e88a37c610 DEOPT PACKING pc=0x000001e836863af8 sp=0x00000057f88ff020
Event: 331.310 Thread 0x000001e88a37c610 DEOPT UNPACKING pc=0x000001e835b16da2 sp=0x00000057f88fef50 mode 2
Event: 331.310 Thread 0x000001e88a37c610 Uncommon trap: trap_request=0xffffffde fr.pc=0x000001e83644df74 relative=0x00000000000003b4
Event: 331.310 Thread 0x000001e88a37c610 Uncommon trap: reason=class_check action=maybe_recompile pc=0x000001e83644df74 method=java.io.DataOutputStream.writeInt(I)V @ 19 c2
Event: 331.310 Thread 0x000001e88a37c610 DEOPT PACKING pc=0x000001e83644df74 sp=0x00000057f88fec10
Event: 331.310 Thread 0x000001e88a37c610 DEOPT UNPACKING pc=0x000001e835b16da2 sp=0x00000057f88febb8 mode 2
Event: 331.310 Thread 0x000001e88a37c610 Uncommon trap: trap_request=0xffffffde fr.pc=0x000001e836860ddc relative=0x000000000000099c
Event: 331.310 Thread 0x000001e88a37c610 Uncommon trap: reason=class_check action=maybe_recompile pc=0x000001e836860ddc method=java.io.DataOutputStream.write([BII)V @ 7 c2
Event: 331.310 Thread 0x000001e88a37c610 DEOPT PACKING pc=0x000001e836860ddc sp=0x00000057f88fec90
Event: 331.310 Thread 0x000001e88a37c610 DEOPT UNPACKING pc=0x000001e835b16da2 sp=0x00000057f88febb0 mode 2
Event: 331.349 Thread 0x000001e88a37c610 Uncommon trap: trap_request=0xffffffbe fr.pc=0x000001e836630dbc relative=0x00000000000007fc
Event: 331.349 Thread 0x000001e88a37c610 Uncommon trap: reason=profile_predicate action=maybe_recompile pc=0x000001e836630dbc method=java.util.Properties.load0(Ljava/util/Properties$LineReader;)V @ 14 c2
Event: 331.349 Thread 0x000001e88a37c610 DEOPT PACKING pc=0x000001e836630dbc sp=0x00000057f88ff280
Event: 331.349 Thread 0x000001e88a37c610 DEOPT UNPACKING pc=0x000001e835b16da2 sp=0x00000057f88ff220 mode 2

Classes loaded (20 events):
Event: 70.616 Loading class java/nio/file/attribute/PosixFileAttributes
Event: 70.616 Loading class java/nio/file/attribute/PosixFileAttributes done
Event: 330.793 Loading class java/util/stream/Nodes$CollectorTask$OfRef
Event: 330.806 Loading class java/util/stream/Nodes$CollectorTask
Event: 330.819 Loading class java/util/stream/Nodes$CollectorTask done
Event: 330.819 Loading class java/util/stream/Nodes$CollectorTask$OfRef done
Event: 330.933 Loading class java/util/function/LongFunction
Event: 330.935 Loading class java/util/function/LongFunction done
Event: 330.943 Loading class java/util/stream/Nodes$ConcNode
Event: 330.947 Loading class java/util/stream/Nodes$AbstractConcNode
Event: 330.952 Loading class java/util/stream/Nodes$AbstractConcNode done
Event: 330.952 Loading class java/util/stream/Nodes$ConcNode done
Event: 331.201 Loading class java/io/ObjectOutputStream$BlockDataOutputStream
Event: 331.205 Loading class java/io/ObjectOutputStream$BlockDataOutputStream done
Event: 331.205 Loading class java/io/ObjectOutputStream$HandleTable
Event: 331.207 Loading class java/io/ObjectOutputStream$HandleTable done
Event: 331.207 Loading class java/io/ObjectOutputStream$ReplaceTable
Event: 331.209 Loading class java/io/ObjectOutputStream$ReplaceTable done
Event: 331.231 Loading class java/nio/charset/CharacterCodingException
Event: 331.232 Loading class java/nio/charset/CharacterCodingException done

Classes unloaded (9 events):
Event: 23.990 Thread 0x000001e82b4317e0 Unloading class 0x000001e8431a3000 'java/lang/invoke/LambdaForm$MH+0x000001e8431a3000'
Event: 23.990 Thread 0x000001e82b4317e0 Unloading class 0x000001e8431a2c00 'java/lang/invoke/LambdaForm$MH+0x000001e8431a2c00'
Event: 23.990 Thread 0x000001e82b4317e0 Unloading class 0x000001e8431a2800 'java/lang/invoke/LambdaForm$MH+0x000001e8431a2800'
Event: 23.990 Thread 0x000001e82b4317e0 Unloading class 0x000001e8431a2400 'java/lang/invoke/LambdaForm$MH+0x000001e8431a2400'
Event: 23.990 Thread 0x000001e82b4317e0 Unloading class 0x000001e8431a2000 'java/lang/invoke/LambdaForm$BMH+0x000001e8431a2000'
Event: 23.990 Thread 0x000001e82b4317e0 Unloading class 0x000001e8431a1c00 'java/lang/invoke/LambdaForm$DMH+0x000001e8431a1c00'
Event: 23.990 Thread 0x000001e82b4317e0 Unloading class 0x000001e8431a0800 'java/lang/invoke/LambdaForm$DMH+0x000001e8431a0800'
Event: 62.586 Thread 0x000001e82b4317e0 Unloading class 0x000001e84362c400 'java/lang/invoke/LambdaForm$DMH+0x000001e84362c400'
Event: 62.586 Thread 0x000001e82b4317e0 Unloading class 0x000001e84362c000 'java/lang/invoke/LambdaForm$DMH+0x000001e84362c000'

Classes redefined (0 events):
No events

Internal exceptions (20 events):
Event: 68.434 Thread 0x000001e88434bcb0 Exception <a 'sun/nio/fs/WindowsException'{0x00000000d5dd0ba0}> (0x00000000d5dd0ba0) 
thrown [s\src\hotspot\share\prims\jni.cpp, line 520]
Event: 68.434 Thread 0x000001e88434bcb0 Exception <a 'sun/nio/fs/WindowsException'{0x00000000d5dd13f8}> (0x00000000d5dd13f8) 
thrown [s\src\hotspot\share\prims\jni.cpp, line 520]
Event: 68.491 Thread 0x000001e88434bcb0 Exception <a 'java/lang/NoSuchMethodError'{0x00000000d5e31eb0}: 'java.lang.Object java.lang.invoke.DirectMethodHandle$Holder.newInvokeSpecial(java.lang.Object, java.lang.Object, int, java.lang.Object, java.lang.Object)'> (0x00000000d5e31eb0) 
thrown [s\src\hotspot\share\interpreter\linkResolver.cpp, line 773]
Event: 68.499 Thread 0x000001e88434bcb0 Exception <a 'java/lang/NoSuchMethodError'{0x00000000d5e4d098}: 'java.lang.Object java.lang.invoke.DirectMethodHandle$Holder.invokeSpecial(java.lang.Object, java.lang.Object, java.lang.Object, int, java.lang.Object, java.lang.Object, java.lang.Object)'> (0x00000000d5e4d098) 
thrown [s\src\hotspot\share\interpreter\linkResolver.cpp, line 773]
Event: 68.503 Thread 0x000001e88434bcb0 Exception <a 'java/lang/NoSuchMethodError'{0x00000000d5e58200}: 'java.lang.Object java.lang.invoke.DirectMethodHandle$Holder.newInvokeSpecial(java.lang.Object, java.lang.Object, int)'> (0x00000000d5e58200) 
thrown [s\src\hotspot\share\interpreter\linkResolver.cpp, line 773]
Event: 68.578 Thread 0x000001e88434bcb0 Exception <a 'java/lang/NoSuchMethodError'{0x00000000d5ed9058}: 'void java.lang.invoke.DirectMethodHandle$Holder.invokeStatic(java.lang.Object, int)'> (0x00000000d5ed9058) 
thrown [s\src\hotspot\share\interpreter\linkResolver.cpp, line 773]
Event: 69.882 Thread 0x000001e88434bcb0 Exception <a 'java/io/FileNotFoundException'{0x00000000d55b30f0}> (0x00000000d55b30f0) 
thrown [s\src\hotspot\share\prims\jni.cpp, line 520]
Event: 69.883 Thread 0x000001e88434bcb0 Exception <a 'java/io/FileNotFoundException'{0x00000000d55b43c8}> (0x00000000d55b43c8) 
thrown [s\src\hotspot\share\prims\jni.cpp, line 520]
Event: 69.883 Thread 0x000001e88434bcb0 Exception <a 'java/io/FileNotFoundException'{0x00000000d55b53f8}> (0x00000000d55b53f8) 
thrown [s\src\hotspot\share\prims\jni.cpp, line 520]
Event: 69.936 Thread 0x000001e88434bcb0 Implicit null exception at 0x000001e8365f2d15 to 0x000001e8365f3314
Event: 70.036 Thread 0x000001e88e0989c0 Implicit null exception at 0x000001e83663e668 to 0x000001e836640cec
Event: 70.036 Thread 0x000001e88e0989c0 Implicit null exception at 0x000001e83663e668 to 0x000001e836640cec
Event: 70.036 Thread 0x000001e88e0989c0 Implicit null exception at 0x000001e83663e668 to 0x000001e836640cec
Event: 70.210 Thread 0x000001e88e09b7b0 Implicit null exception at 0x000001e83663e668 to 0x000001e836640cec
Event: 70.310 Thread 0x000001e88434bcb0 Implicit null exception at 0x000001e836379953 to 0x000001e83637a94c
Event: 331.152 Thread 0x000001e88a37c610 Exception <a 'sun/nio/fs/WindowsException'{0x00000000d5aa1260}> (0x00000000d5aa1260) 
thrown [s\src\hotspot\share\prims\jni.cpp, line 520]
Event: 331.154 Thread 0x000001e88a37c610 Exception <a 'sun/nio/fs/WindowsException'{0x00000000d5aa1d88}> (0x00000000d5aa1d88) 
thrown [s\src\hotspot\share\prims\jni.cpp, line 520]
Event: 331.165 Thread 0x000001e88a37c610 Implicit null exception at 0x000001e8365bf706 to 0x000001e8365bfa8c
Event: 331.286 Thread 0x000001e88a37c610 Exception <a 'java/lang/NoSuchMethodError'{0x00000000d5b4da60}: static [J.<clinit>()V> (0x00000000d5b4da60) 
thrown [s\src\hotspot\share\prims\jni.cpp, line 1111]
Event: 331.318 Thread 0x000001e88a37c610 Exception <a 'java/lang/NoSuchMethodError'{0x00000000d5b7ce00}: 'java.lang.Object java.lang.invoke.DirectMethodHandle$Holder.newInvokeSpecial(java.lang.Object, java.lang.Object, java.lang.Object, java.lang.Object, java.lang.Object, java.lang.Object, java.lang.Object, java.lang.Object)'> (0x00000000d5b7ce00) 
thrown [s\src\hotspot\share\interpreter\linkResolver.cpp, line 773]

ZGC Phase Switch (0 events):
No events

VM Operations (20 events):
Event: 5172.078 Executing non-safepoint VM operation: HandshakeAllThreads (HandshakeForDeflation)
Event: 5172.081 Executing non-safepoint VM operation: HandshakeAllThreads (HandshakeForDeflation) done
Event: 5172.081 Executing non-safepoint VM operation: RendezvousGCThreads
Event: 5172.081 Executing non-safepoint VM operation: RendezvousGCThreads done
Event: 5292.181 Executing non-safepoint VM operation: HandshakeAllThreads (HandshakeForDeflation)
Event: 5292.191 Executing non-safepoint VM operation: HandshakeAllThreads (HandshakeForDeflation) done
Event: 5292.191 Executing non-safepoint VM operation: RendezvousGCThreads
Event: 5292.191 Executing non-safepoint VM operation: RendezvousGCThreads done
Event: 5352.235 Executing non-safepoint VM operation: HandshakeAllThreads (HandshakeForDeflation)
Event: 5352.238 Executing non-safepoint VM operation: HandshakeAllThreads (HandshakeForDeflation) done
Event: 5352.238 Executing non-safepoint VM operation: RendezvousGCThreads
Event: 5352.238 Executing non-safepoint VM operation: RendezvousGCThreads done
Event: 5412.265 Executing non-safepoint VM operation: HandshakeAllThreads (HandshakeForDeflation)
Event: 5412.269 Executing non-safepoint VM operation: HandshakeAllThreads (HandshakeForDeflation) done
Event: 5412.270 Executing non-safepoint VM operation: RendezvousGCThreads
Event: 5412.270 Executing non-safepoint VM operation: RendezvousGCThreads done
Event: 5772.985 Executing non-safepoint VM operation: HandshakeAllThreads (HandshakeForDeflation)
Event: 5773.041 Executing non-safepoint VM operation: HandshakeAllThreads (HandshakeForDeflation) done
Event: 5773.041 Executing non-safepoint VM operation: RendezvousGCThreads
Event: 5773.041 Executing non-safepoint VM operation: RendezvousGCThreads done

Memory protections (0 events):
No events

Nmethod flushes (20 events):
Event: 62.763 Thread 0x000001e82b4317e0 flushing  nmethod 0x000001e82ef2d190
Event: 62.763 Thread 0x000001e82b4317e0 flushing  nmethod 0x000001e82ef2da10
Event: 62.763 Thread 0x000001e82b4317e0 flushing  nmethod 0x000001e82ef3ba10
Event: 62.763 Thread 0x000001e82b4317e0 flushing  nmethod 0x000001e82ef3bf90
Event: 62.763 Thread 0x000001e82b4317e0 flushing  nmethod 0x000001e82ef3c510
Event: 62.763 Thread 0x000001e82b4317e0 flushing  nmethod 0x000001e82ef3ca10
Event: 62.763 Thread 0x000001e82b4317e0 flushing  nmethod 0x000001e82ef3ce90
Event: 62.763 Thread 0x000001e82b4317e0 flushing  nmethod 0x000001e82ef3d710
Event: 62.763 Thread 0x000001e82b4317e0 flushing  nmethod 0x000001e82ef3dd10
Event: 62.763 Thread 0x000001e82b4317e0 flushing  nmethod 0x000001e82ef3e090
Event: 62.763 Thread 0x000001e82b4317e0 flushing  nmethod 0x000001e82ef3fd10
Event: 62.763 Thread 0x000001e82b4317e0 flushing  nmethod 0x000001e82ef40a10
Event: 62.763 Thread 0x000001e82b4317e0 flushing  nmethod 0x000001e82ef41310
Event: 62.763 Thread 0x000001e82b4317e0 flushing  nmethod 0x000001e82ef44110
Event: 62.763 Thread 0x000001e82b4317e0 flushing  nmethod 0x000001e82ef48310
Event: 62.763 Thread 0x000001e82b4317e0 flushing  nmethod 0x000001e82ef4cb10
Event: 62.763 Thread 0x000001e82b4317e0 flushing  nmethod 0x000001e82ef7a390
Event: 62.763 Thread 0x000001e82b4317e0 flushing  nmethod 0x000001e82ef81e90
Event: 62.763 Thread 0x000001e82b4317e0 flushing  nmethod 0x000001e82ef85690
Event: 62.763 Thread 0x000001e82b4317e0 flushing  nmethod 0x000001e82ef9fc90

Events (20 events):
Event: 368.168 Thread 0x000001e88e097610 Thread exited: 0x000001e88e097610
Event: 368.205 Thread 0x000001e88e098330 Thread exited: 0x000001e88e098330
Event: 368.251 Thread 0x000001e88e099050 Thread exited: 0x000001e88e099050
Event: 368.267 Thread 0x000001e88e099d70 Thread exited: 0x000001e88e099d70
Event: 368.320 Thread 0x000001e88e096f80 Thread exited: 0x000001e88e096f80
Event: 368.384 Thread 0x000001e88a375d10 Thread exited: 0x000001e88a375d10
Event: 368.434 Thread 0x000001e88e09aa90 Thread exited: 0x000001e88e09aa90
Event: 427.124 Thread 0x000001e88a69c530 Thread exited: 0x000001e88a69c530
Event: 428.408 Thread 0x000001e88cf11300 Thread exited: 0x000001e88cf11300
Event: 487.164 Thread 0x000001e88a69b810 Thread exited: 0x000001e88a69b810
Event: 488.414 Thread 0x000001e88cf126b0 Thread exited: 0x000001e88cf126b0
Event: 547.155 Thread 0x000001e88cf0de80 Thread exited: 0x000001e88cf0de80
Event: 548.415 Thread 0x000001e88a376a30 Thread exited: 0x000001e88a376a30
Event: 607.243 Thread 0x000001e88cf0f230 Thread exited: 0x000001e88cf0f230
Event: 608.424 Thread 0x000001e88a378470 Thread exited: 0x000001e88a378470
Event: 667.232 Thread 0x000001e88cf0f8c0 Thread exited: 0x000001e88cf0f8c0
Event: 668.429 Thread 0x000001e88a374ff0 Thread exited: 0x000001e88a374ff0
Event: 727.242 Thread 0x000001e88cf0eba0 Thread exited: 0x000001e88cf0eba0
Event: 728.458 Thread 0x000001e88a375680 Thread exited: 0x000001e88a375680
Event: 788.472 Thread 0x000001e88cf12d40 Thread exited: 0x000001e88cf12d40


Dynamic libraries:
0x00007ff6a39e0000 - 0x00007ff6a39ee000 	c:\Users\maria\.vscode\extensions\redhat.java-1.54.0-win32-x64\jre\21.0.10-win32-x86_64\bin\java.exe
0x00007ffa75ee0000 - 0x00007ffa76146000 	C:\WINDOWS\SYSTEM32\ntdll.dll
0x00007ffa74e90000 - 0x00007ffa74f59000 	C:\WINDOWS\System32\KERNEL32.DLL
0x00007ffa73170000 - 0x00007ffa7356a000 	C:\WINDOWS\System32\KERNELBASE.dll
0x00007ffa736b0000 - 0x00007ffa737fc000 	C:\WINDOWS\System32\ucrtbase.dll
0x00007ff97a030000 - 0x00007ff97a048000 	c:\Users\maria\.vscode\extensions\redhat.java-1.54.0-win32-x64\jre\21.0.10-win32-x86_64\bin\jli.dll
0x00007ff97a010000 - 0x00007ff97a02e000 	c:\Users\maria\.vscode\extensions\redhat.java-1.54.0-win32-x64\jre\21.0.10-win32-x86_64\bin\VCRUNTIME140.dll
0x00007ffa752b0000 - 0x00007ffa75477000 	C:\WINDOWS\System32\USER32.dll
0x00007ffa73930000 - 0x00007ffa73957000 	C:\WINDOWS\System32\win32u.dll
0x00007ffa750d0000 - 0x00007ffa750fb000 	C:\WINDOWS\System32\GDI32.dll
0x00007ffa54480000 - 0x00007ffa54712000 	C:\WINDOWS\WinSxS\amd64_microsoft.windows.common-controls_6595b64144ccf1df_6.0.26100.8521_none_3e08b75ce33403b3\COMCTL32.dll
0x00007ffa73800000 - 0x00007ffa7392b000 	C:\WINDOWS\System32\gdi32full.dll
0x00007ffa73ae0000 - 0x00007ffa73b83000 	C:\WINDOWS\System32\msvcp_win.dll
0x00007ffa74b60000 - 0x00007ffa74c09000 	C:\WINDOWS\System32\msvcrt.dll
0x00007ffa74460000 - 0x00007ffa74492000 	C:\WINDOWS\System32\IMM32.DLL
0x00007ff9926f0000 - 0x00007ff9926fc000 	c:\Users\maria\.vscode\extensions\redhat.java-1.54.0-win32-x64\jre\21.0.10-win32-x86_64\bin\vcruntime140_1.dll
0x00007ff979f80000 - 0x00007ff97a00d000 	c:\Users\maria\.vscode\extensions\redhat.java-1.54.0-win32-x64\jre\21.0.10-win32-x86_64\bin\msvcp140.dll
0x00007ff946d20000 - 0x00007ff947ac1000 	c:\Users\maria\.vscode\extensions\redhat.java-1.54.0-win32-x64\jre\21.0.10-win32-x86_64\bin\server\jvm.dll
0x00007ffa745a0000 - 0x00007ffa74656000 	C:\WINDOWS\System32\ADVAPI32.dll
0x00007ffa759a0000 - 0x00007ffa75a4a000 	C:\WINDOWS\System32\sechost.dll
0x00007ffa74c10000 - 0x00007ffa74d28000 	C:\WINDOWS\System32\RPCRT4.dll
0x00007ffa74850000 - 0x00007ffa748d0000 	C:\WINDOWS\System32\WS2_32.dll
0x00007ffa728e0000 - 0x00007ffa7293e000 	C:\WINDOWS\SYSTEM32\POWRPROF.dll
0x00007ffa61980000 - 0x00007ffa619b6000 	C:\WINDOWS\SYSTEM32\WINMM.dll
0x00007ffa69710000 - 0x00007ffa6971b000 	C:\WINDOWS\SYSTEM32\VERSION.dll
0x00007ffa728c0000 - 0x00007ffa728d4000 	C:\WINDOWS\SYSTEM32\UMPDC.dll
0x00007ffa71ee0000 - 0x00007ffa71efb000 	C:\WINDOWS\SYSTEM32\kernel.appcore.dll
0x00007ff979f70000 - 0x00007ff979f7a000 	c:\Users\maria\.vscode\extensions\redhat.java-1.54.0-win32-x64\jre\21.0.10-win32-x86_64\bin\jimage.dll
0x00007ffa707d0000 - 0x00007ffa70a12000 	C:\WINDOWS\SYSTEM32\DBGHELP.DLL
0x00007ffa75b10000 - 0x00007ffa75e93000 	C:\WINDOWS\System32\combase.dll
0x00007ffa744c0000 - 0x00007ffa74599000 	C:\WINDOWS\System32\OLEAUT32.dll
0x00007ffa4d8c0000 - 0x00007ffa4d8fb000 	C:\WINDOWS\SYSTEM32\dbgcore.DLL
0x00007ffa73600000 - 0x00007ffa736a8000 	C:\WINDOWS\System32\bcryptPrimitives.dll
0x00007ff979480000 - 0x00007ff97948f000 	c:\Users\maria\.vscode\extensions\redhat.java-1.54.0-win32-x64\jre\21.0.10-win32-x86_64\bin\instrument.dll
0x00007ff948df0000 - 0x00007ff948e10000 	c:\Users\maria\.vscode\extensions\redhat.java-1.54.0-win32-x64\jre\21.0.10-win32-x86_64\bin\java.dll
0x00007ffa73cd0000 - 0x00007ffa74454000 	C:\WINDOWS\System32\SHELL32.dll
0x00007ffa70d10000 - 0x00007ffa71590000 	C:\WINDOWS\SYSTEM32\windows.storage.dll
0x00007ffa74660000 - 0x00007ffa74756000 	C:\WINDOWS\System32\SHCORE.dll
0x00007ffa74f60000 - 0x00007ffa74fc7000 	C:\WINDOWS\System32\shlwapi.dll
0x00007ffa73090000 - 0x00007ffa730b9000 	C:\WINDOWS\SYSTEM32\profapi.dll
0x00007ff979f50000 - 0x00007ff979f68000 	c:\Users\maria\.vscode\extensions\redhat.java-1.54.0-win32-x64\jre\21.0.10-win32-x86_64\bin\zip.dll
0x00007ff979f40000 - 0x00007ff979f50000 	C:\Users\maria\.vscode\extensions\redhat.java-1.54.0-win32-x64\jre\21.0.10-win32-x86_64\bin\net.dll
0x00007ffa69400000 - 0x00007ffa69529000 	C:\WINDOWS\SYSTEM32\WINHTTP.dll
0x00007ffa72470000 - 0x00007ffa724dc000 	C:\WINDOWS\system32\mswsock.dll
0x00007ff979f20000 - 0x00007ff979f36000 	C:\Users\maria\.vscode\extensions\redhat.java-1.54.0-win32-x64\jre\21.0.10-win32-x86_64\bin\nio.dll
0x00007ff979210000 - 0x00007ff979220000 	c:\Users\maria\.vscode\extensions\redhat.java-1.54.0-win32-x64\jre\21.0.10-win32-x86_64\bin\verify.dll
0x00007ff9460e0000 - 0x00007ff946125000 	C:\Users\maria\AppData\Roaming\Code\User\globalStorage\redhat.java\1.54.0\config_win\org.eclipse.equinox.launcher\org.eclipse.equinox.launcher.win32.win32.x86_64_1.3.0.v20260203-2149\eclipse_11919.dll
0x00007ffa75100000 - 0x00007ffa75298000 	C:\WINDOWS\System32\ole32.dll
0x00007ffa727c0000 - 0x00007ffa727db000 	C:\WINDOWS\SYSTEM32\CRYPTSP.dll
0x00007ffa71e40000 - 0x00007ffa71e79000 	C:\WINDOWS\system32\rsaenh.dll
0x00007ffa72590000 - 0x00007ffa725c3000 	C:\WINDOWS\SYSTEM32\USERENV.dll
0x00007ffa73060000 - 0x00007ffa7308a000 	C:\WINDOWS\SYSTEM32\bcrypt.dll
0x00007ffa727e0000 - 0x00007ffa727ec000 	C:\WINDOWS\SYSTEM32\CRYPTBASE.dll
0x00007ffa718b0000 - 0x00007ffa718e3000 	C:\WINDOWS\SYSTEM32\IPHLPAPI.DLL
0x00007ffa752a0000 - 0x00007ffa752aa000 	C:\WINDOWS\System32\NSI.dll
0x00007ff992a60000 - 0x00007ff992aa9000 	C:\Users\maria\AppData\Local\Temp\jna-103666422\jna6272449866064265108.dll
0x00007ffa75990000 - 0x00007ffa75998000 	C:\WINDOWS\System32\PSAPI.DLL
0x00007ffa693e0000 - 0x00007ffa693fd000 	C:\WINDOWS\SYSTEM32\dhcpcsvc6.DLL
0x00007ffa693b0000 - 0x00007ffa693d5000 	C:\WINDOWS\SYSTEM32\dhcpcsvc.DLL

JVMTI agents:
c:\Users\maria\.vscode\extensions\redhat.java-1.54.0-win32-x64\lombok\lombok-1.18.39-4050.jar path:c:\Users\maria\.vscode\extensions\redhat.java-1.54.0-win32-x64\jre\21.0.10-win32-x86_64\bin\instrument.dll, loaded, initialized, instrumentlib options:none

dbghelp: loaded successfully - version: 4.0.5 - missing functions: none
symbol engine: initialized successfully - sym options: 0x614 - pdb path: .;c:\Users\maria\.vscode\extensions\redhat.java-1.54.0-win32-x64\jre\21.0.10-win32-x86_64\bin;C:\WINDOWS\SYSTEM32;C:\WINDOWS\WinSxS\amd64_microsoft.windows.common-controls_6595b64144ccf1df_6.0.26100.8521_none_3e08b75ce33403b3;c:\Users\maria\.vscode\extensions\redhat.java-1.54.0-win32-x64\jre\21.0.10-win32-x86_64\bin\server;C:\Users\maria\AppData\Roaming\Code\User\globalStorage\redhat.java\1.54.0\config_win\org.eclipse.equinox.launcher\org.eclipse.equinox.launcher.win32.win32.x86_64_1.3.0.v20260203-2149;C:\Users\maria\AppData\Local\Temp\jna-103666422

VM Arguments:
jvm_args: --add-modules=ALL-SYSTEM --add-opens=java.base/java.util=ALL-UNNAMED --add-opens=java.base/java.lang=ALL-UNNAMED --add-opens=java.base/sun.nio.fs=ALL-UNNAMED -Declipse.application=org.eclipse.jdt.ls.core.id1 -Dosgi.bundles.defaultStartLevel=4 -Declipse.product=org.eclipse.jdt.ls.core.product -Djava.import.generatesMetadataFilesAtProjectRoot=false -DDetectVMInstallationsJob.disabled=true -Dfile.encoding=utf8 -XX:+UseParallelGC -XX:GCTimeRatio=4 -XX:AdaptiveSizePolicyWeight=90 -Dsun.zip.disableMemoryMapping=true -Xmx2G -Xms100m -Xlog:disable -javaagent:c:\Users\maria\.vscode\extensions\redhat.java-1.54.0-win32-x64\lombok\lombok-1.18.39-4050.jar -XX:+HeapDumpOnOutOfMemoryError -XX:HeapDumpPath=c:\Users\maria\AppData\Roaming\Code\User\workspaceStorage\71eec710bad6a587b17f225b0fb7bc1b\redhat.java -Daether.dependencyCollector.impl=bf 
java_command: c:\Users\maria\.vscode\extensions\redhat.java-1.54.0-win32-x64\server\plugins\org.eclipse.equinox.launcher_1.7.100.v20251111-0406.jar -configuration c:\Users\maria\AppData\Roaming\Code\User\globalStorage\redhat.java\1.54.0\config_win -data c:\Users\maria\AppData\Roaming\Code\User\workspaceStorage\71eec710bad6a587b17f225b0fb7bc1b\redhat.java\jdt_ws --pipe=\\.\pipe\lsp-42d4ba36f5220cd62a3e468f02cfd6d1-sock
java_class_path (initial): c:\Users\maria\.vscode\extensions\redhat.java-1.54.0-win32-x64\server\plugins\org.eclipse.equinox.launcher_1.7.100.v20251111-0406.jar
Launcher Type: SUN_STANDARD

[Global flags]
    uintx AdaptiveSizePolicyWeight                 = 90                                        {product} {command line}
     intx CICompilerCount                          = 4                                         {product} {ergonomic}
    uintx GCTimeRatio                              = 4                                         {product} {command line}
     bool HeapDumpOnOutOfMemoryError               = true                                   {manageable} {command line}
    ccstr HeapDumpPath                             = c:\Users\maria\AppData\Roaming\Code\User\workspaceStorage\71eec710bad6a587b17f225b0fb7bc1b\redhat.java         {manageable} {command line}
   size_t InitialHeapSize                          = 104857600                                 {product} {command line}
   size_t MaxHeapSize                              = 2147483648                                {product} {command line}
   size_t MaxNewSize                               = 715653120                                 {product} {ergonomic}
   size_t MinHeapDeltaBytes                        = 524288                                    {product} {ergonomic}
   size_t MinHeapSize                              = 104857600                                 {product} {command line}
   size_t NewSize                                  = 34603008                                  {product} {ergonomic}
    uintx NonNMethodCodeHeapSize                   = 5839372                                {pd product} {ergonomic}
    uintx NonProfiledCodeHeapSize                  = 122909434                              {pd product} {ergonomic}
   size_t OldSize                                  = 70254592                                  {product} {ergonomic}
    uintx ProfiledCodeHeapSize                     = 122909434                              {pd product} {ergonomic}
    uintx ReservedCodeCacheSize                    = 251658240                              {pd product} {ergonomic}
     bool SegmentedCodeCache                       = true                                      {product} {ergonomic}
   size_t SoftMaxHeapSize                          = 2147483648                             {manageable} {ergonomic}
     bool UseCompressedOops                        = true                           {product lp64_product} {ergonomic}
     bool UseLargePagesIndividualAllocation        = false                                  {pd product} {ergonomic}
     bool UseParallelGC                            = true                                      {product} {command line}

Logging:
Log output configuration:
 #0: stdout all=off uptime,level,tags foldmultilines=false
 #1: stderr all=off uptime,level,tags foldmultilines=false

Release file:
JAVA_VERSION="21.0.10" 
MODULES="java.base java.compiler java.datatransfer java.xml java.prefs java.desktop java.instrument java.logging java.management java.security.sasl java.naming java.rmi java.management.rmi java.net.http java.scripting java.security.jgss java.transaction.xa java.sql java.sql.rowset java.xml.crypto java.se java.smartcardio jdk.accessibility jdk.internal.jvmstat jdk.attach jdk.charsets jdk.internal.opt jdk.zipfs jdk.compiler jdk.crypto.ec jdk.crypto.cryptoki jdk.crypto.mscapi jdk.dynalink jdk.internal.ed jdk.editpad jdk.hotspot.agent jdk.httpserver jdk.internal.le jdk.internal.vm.ci jdk.internal.vm.compiler jdk.internal.vm.compiler.management jdk.jartool jdk.javadoc jdk.jcmd jdk.management jdk.management.agent jdk.jconsole jdk.jdeps jdk.jdwp.agent jdk.jdi jdk.jfr jdk.jshell jdk.jsobject jdk.jstatd jdk.localedata jdk.management.jfr jdk.naming.dns jdk.naming.rmi jdk.net jdk.nio.mapmode jdk.random jdk.sctp jdk.security.auth jdk.security.jgss jdk.unsupported jdk.unsupported.desktop jdk.xml.dom" 

Environment Variables:
PATH=C:\Python313\Scripts\;C:\Python313\;C:\Program Files\Common Files\Oracle\Java\javapath;C:\Program Files (x86)\Common Files\Oracle\Java\java8path;C:\Program Files (x86)\Common Files\Oracle\Java\javapath;C:\windows\system32;C:\windows;C:\windows\System32\Wbem;C:\windows\System32\WindowsPowerShell\v1.0\;C:\windows\System32\OpenSSH\;C:\Program Files (x86)\NVIDIA Corporation\PhysX\Common;C:\Program Files (x86)\PuTTY\putty\;C:\Program Files (x86)\Microsoft SQL Server\160\Tools\Binn\;C:\Program Files\Microsoft SQL Server\160\Tools\Binn\;C:\Program Files\Microsoft SQL Server\Client SDK\ODBC\170\Tools\Binn\;C:\Program Files\Microsoft SQL Server\160\DTS\Binn\;C:\WINDOWS\system32;C:\WINDOWS;C:\WINDOWS\System32\Wbem;C:\WINDOWS\System32\WindowsPowerShell\v1.0\;C:\WINDOWS\System32\OpenSSH\;C:\Program Files\Git\cmd;C:\Program Files\dotnet\;C:\Program Files\nodejs\;C:\ProgramData\chocolatey\bin;C:\Program Files\Docker\Docker\resources\bin;C:\Program Files\NVIDIA Corporation\NVIDIA App\NvDLISR;C:\Users\maria\AppData\Local\Microsoft\WindowsApps;C:\Users\maria\AppData\Local\Programs\Microsoft VS Code\bin;C:\Users\maria\AppData\Roaming\npm;C:\Users\maria\AppData\Local\Programs\IntelliJ IDEA 2026.1\bin;C:\Users\maria\AppData\Local\GitHubDesktop\bin
USERNAME=maria
OS=Windows_NT
PROCESSOR_IDENTIFIER=Intel64 Family 6 Model 141 Stepping 1, GenuineIntel
TMP=C:\Users\maria\AppData\Local\Temp
TEMP=C:\Users\maria\AppData\Local\Temp




Periodic native trim disabled

---------------  S Y S T E M  ---------------

OS:
 Windows 11 , 64 bit Build 26100 (10.0.26100.8521)
OS uptime: 0 days 2:23 hours
Hyper-V role detected

CPU: total 12 (initial active 12) (6 cores per cpu, 2 threads per core) family 6 model 141 stepping 1 microcode 0x50, cx8, cmov, fxsr, ht, mmx, 3dnowpref, sse, sse2, sse3, ssse3, sse4.1, sse4.2, popcnt, lzcnt, tsc, tscinvbit, avx, avx2, aes, erms, clmul, bmi1, bmi2, adx, avx512f, avx512dq, avx512cd, avx512bw, avx512vl, sha, fma, vzeroupper, avx512_vpopcntdq, avx512_vpclmulqdq, avx512_vaes, avx512_vnni, clflush, clflushopt, clwb, avx512_vbmi2, avx512_vbmi, hv, rdtscp, rdpid, fsrm, gfni, avx512_bitalg, f16c, cet_ibt, cet_ss, avx512_ifma
Processor Information for the first 12 processors :
  Max Mhz: 2688, Current Mhz: 2688, Mhz Limit: 2688

Memory: 4k page, system-wide physical 7830M (309M free)
TotalPageFile size 31382M (AvailPageFile size 168M)
current process WorkingSet (physical memory assigned to process): 8M, peak: 318M
current process commit charge ("private bytes"): 385M, peak: 431M

vm_info: OpenJDK 64-Bit Server VM (21.0.10+7-LTS) for windows-amd64 JRE (21.0.10+7-LTS), built on 2026-01-20T00:00:00Z by "admin" with MS VC++ 17.12 (VS2022)

END.
